// Jest Snapshot v1, https://goo.gl/fbAQLP

exports[`<ShowCase> renders correctly 1`] = `
<div
  className="showcase"
>
  <div
    className="content"
  >
    <h1>
      React + TypeScript + Parcel
    </h1>
    <h2>
      Simple Boilerplate
    </h2>
    <a
      className="btn"
      href="#about"
    >
      <p>
        CHECK IT OUT!
      </p>
    </a>
  </div>
</div>
`;
